Mono path[0] = '/home/maci/.local/share/Steam/steamapps/common/7 Days to Die Dedicated Server/7DaysToDieServer_Data/Managed'
Mono config path = '/home/maci/.local/share/Steam/steamapps/common/7 Days to Die Dedicated Server/7DaysToDieServer_Data/MonoBleedingEdge/etc'
Preloaded 'libEOSSDK-Linux-Shipping.so'
Preloaded 'libMagick.so'
Preloaded 'lib_burst_generated.so'
Preloaded 'libdiscord_partner_sdk.so'
Preloaded 'libgetrss.so'
Preloaded 'libsteam_api.so'
Preloaded 'steamclient.so'
Unable to preload the following plugins:
	libEOSSDK-LinuxArm64-Shipping.so
	libMouseLib.so
Input System module state changed to: Initialized.
[PhysX] Initialized MultithreadedTaskDispatcher with 32 workers.
Loading player data from /home/maci/.local/share/Steam/steamapps/common/7 Days to Die Dedicated Server/7DaysToDieServer_Data/data.unity3d
Initialize engine version: 2022.3.62f2 (7670c08855a9)
[Subsystems] Discovering subsystems at path /home/maci/.local/share/Steam/steamapps/common/7 Days to Die Dedicated Server/7DaysToDieServer_Data/UnitySubsystems
Forcing GfxDevice: Null
GfxDevice: creating device client; threaded=0; jobified=0
NullGfxDevice:
    Version:  NULL 1.0 [1.0]
    Renderer: Null Device
    Vendor:   Unity Technologies
Begin MonoManager ReloadAssembly
- Loaded All Assemblies, in  0.080 seconds
- Finished resetting the current domain, in  0.001 seconds
ERROR: Shader Hidden/LandClaimBoundary shader is not supported on this GPU (none of subshaders/fallbacks are suitable)
ERROR: Shader Sprites/Default shader is not supported on this GPU (none of subshaders/fallbacks are suitable)
ERROR: Shader Sprites/Mask shader is not supported on this GPU (none of subshaders/fallbacks are suitable)
ERROR: Shader Legacy Shaders/VertexLit shader is not supported on this GPU (none of subshaders/fallbacks are suitable)
ERROR: Shader GUI/Text Shader shader is not supported on this GPU (none of subshaders/fallbacks are suitable)
WARNING: Shader Unsupported: 'Legacy Shaders/Diffuse' - All subshaders removed
WARNING: Shader Did you use #pragma only_renderers and omit this platform?
WARNING: Shader If subshaders removal was intentional, you may have forgotten turning Fallback off?
ERROR: Shader Legacy Shaders/Diffuse shader is not supported on this GPU (none of subshaders/fallbacks are suitable)
WARNING: Shader Unsupported: 'Legacy Shaders/Diffuse' - All subshaders removed
WARNING: Shader Did you use #pragma only_renderers and omit this platform?
WARNING: Shader If subshaders removal was intentional, you may have forgotten turning Fallback off?
WARNING: Shader Unsupported: 'Game/Cube_UI_Glow' - All subshaders removed
WARNING: Shader Did you use #pragma only_renderers and omit this platform?
WARNING: Shader If subshaders removal was intentional, you may have forgotten turning Fallback off?
ERROR: Shader Game/Cube_UI_Glow shader is not supported on this GPU (none of subshaders/fallbacks are suitable)
WARNING: Shader Unsupported: 'Game/Cube_UI_Glow' - All subshaders removed
WARNING: Shader Did you use #pragma only_renderers and omit this platform?
WARNING: Shader If subshaders removal was intentional, you may have forgotten turning Fallback off?
ERROR: Shader Unlit/Transparent Colored shader is not supported on this GPU (none of subshaders/fallbacks are suitable)
The referenced script on this Behaviour (Game Object 'BlockProcessor') is missing!
[PhysX] Initialized MultithreadedTaskDispatcher with 32 workers.
UnloadTime: 0.415459 ms
Caught fatal signal - signo:11 code:1 errno:0 addr:0x8
Obtained 37 stack frames.
#0  0x007f853c444cb0 in __sigaction
#1  0x007f849c06b617 in mono_set_break_policy
#2  0x007f849c03c8bd in _init
#3  0x007f849c03eaf3 in _init
#4  0x007f849c042788 in mono_jit_set_domain
#5  0x007f849c0c0763 in mono_install_ftnptr_eh_callback
#6  0x007f849c0c01cc in mono_install_ftnptr_eh_callback
#7  0x00000041ded396 in (Unknown)
#8  0x000000406fd743 in GameEntrypoint/<EntrypointCoroutine>d__8:MoveNext ()
#9  0x000000406fca76 in ThreadManager:RunCoroutineSync (System.Collections.IEnumerator)
#10 0x000000406fc963 in GameEntrypoint:Awake ()
#11 0x000000406a8e75 in (wrapper runtime-invoke) object:runtime_invoke_void__this__ (object,intptr,intptr,intptr)
#12 0x007f849c046428 in mono_get_runtime_build_info
#13 0x007f849c1e578f in mono_runtime_invoke
#14 0x007f849c1e56d9 in mono_runtime_invoke
#15 0x007f853d541b82 in (Unknown)
#16 0x007f853d52eee2 in (Unknown)
#17 0x007f853d52ede1 in (Unknown)
#18 0x007f853d588137 in (Unknown)
#19 0x007f853d522a08 in (Unknown)
#20 0x007f853d522e86 in (Unknown)
#21 0x007f853d522961 in (Unknown)
#22 0x007f853d5a2e47 in (Unknown)
#23 0x007f853d35f95f in (Unknown)
#24 0x007f853d35f6ad in (Unknown)
#25 0x007f853d35f606 in (Unknown)
#26 0x007f853d360427 in (Unknown)
#27 0x007f853d360cca in (Unknown)
#28 0x007f853d36bacf in (Unknown)
#29 0x007f853d352146 in (Unknown)
#30 0x007f853d5b01ac in PlayerMain(int, char**)
#31 0x007f853c427c8e in __libc_init_first
#32 0x007f853c427dcb in __libc_start_main
#33 0x00557767e3f029 in (Unknown)
